// Jest Snapshot v1, https://goo.gl/fbAQLP

exports[`Home screen renders correctly 1`] = `
<View
  style={
    Object {
      "alignItems": "center",
      "flex": 1,
      "justifyContent": "center",
    }
  }
>
  <View
    style={
      Object {
        "backgroundColor": "#fff",
        "borderRadius": 3,
        "overflow": "visible",
        "shadowColor": "rgba(0,0,0, .4)",
        "shadowOffset": Object {
          "height": 1,
          "width": 1,
        },
        "shadowOpacity": 1,
        "shadowRadius": 1,
      }
    }
  >
    <View
      accessibilityRole="button"
      accessibilityState={
        Object {
          "busy": false,
          "disabled": false,
        }
      }
      accessible={true}
      focusable={true}
      onClick={[Function]}
      onResponderGrant={[Function]}
      onResponderMove={[Function]}
      onResponderRelease={[Function]}
      onResponderTerminate={[Function]}
      onResponderTerminationRequest={[Function]}
      onStartShouldSetResponder={[Function]}
      style={
        Object {
          "opacity": 1,
        }
      }
    >
      <View
        style={
          Object {
            "alignItems": "center",
            "backgroundColor": "#2089dc",
            "borderColor": "#2089dc",
            "borderRadius": 3,
            "borderWidth": 0,
            "flexDirection": "row",
            "justifyContent": "center",
            "padding": 8,
          }
        }
      >
        <Text
          style={
            Object {
              "color": "white",
              "fontSize": 22,
              "marginHorizontal": 8,
              "paddingBottom": 1,
              "paddingTop": 2,
              "textAlign": "center",
            }
          }
        >
          Login
        </Text>
      </View>
    </View>
  </View>
</View>
`;
